// Jest Snapshot v1, https://goo.gl/fbAQLP

exports[`ooth-google fails to log in with valid token 1`] = `
Object {
  "message": "malformed idToken",
  "status": "error",
}
`;
